Release 14.7 - xst P.20131013 (lin64)
Copyright (c) 1995-2013 Xilinx, Inc.  All rights reserved.
--> 
Parameter TMPDIR set to xst/projnav.tmp


Total REAL time to Xst completion: 1.00 secs
Total CPU time to Xst completion: 0.07 secs
 
--> 
Parameter xsthdpdir set to xst


Total REAL time to Xst completion: 1.00 secs
Total CPU time to Xst completion: 0.07 secs
 
--> 
Reading design: ffJK_MS.prj

TABLE OF CONTENTS
  1) Synthesis Options Summary
  2) HDL Compilation
  3) Design Hierarchy Analysis
  4) HDL Analysis
  5) HDL Synthesis
     5.1) HDL Synthesis Report
  6) Advanced HDL Synthesis
     6.1) Advanced HDL Synthesis Report
  7) Low Level Synthesis
  8) Partition Report
  9) Final Report
	9.1) Device utilization summary
	9.2) Partition Resource Summary
	9.3) TIMING REPORT


=========================================================================
*                      Synthesis Options Summary                        *
=========================================================================
---- Source Parameters
Input File Name                    : "ffJK_MS.prj"
Input Format                       : mixed
Ignore Synthesis Constraint File   : NO

---- Target Parameters
Output File Name                   : "ffJK_MS"
Output Format                      : NGC
Target Device                      : xc3s1200e-4-fg320

---- Source Options
Top Module Name                    : ffJK_MS
Automatic FSM Extraction           : YES
FSM Encoding Algorithm             : Auto
Safe Implementation                : No
FSM Style                          : LUT
RAM Extraction                     : Yes
RAM Style                          : Auto
ROM Extraction                     : Yes
Mux Style                          : Auto
Decoder Extraction                 : YES
Priority Encoder Extraction        : Yes
Shift Register Extraction          : YES
Logical Shifter Extraction         : YES
XOR Collapsing                     : YES
ROM Style                          : Auto
Mux Extraction                     : Yes
Resource Sharing                   : YES
Asynchronous To Synchronous        : NO
Multiplier Style                   : Auto
Automatic Register Balancing       : No

---- Target Options
Add IO Buffers                     : YES
Global Maximum Fanout              : 100000
Add Generic Clock Buffer(BUFG)     : 24
Register Duplication               : YES
Slice Packing                      : YES
Optimize Instantiated Primitives   : NO
Use Clock Enable                   : Yes
Use Synchronous Set                : Yes
Use Synchronous Reset              : Yes
Pack IO Registers into IOBs        : Auto
Equivalent register Removal        : YES

---- General Options
Optimization Goal                  : Speed
Optimization Effort                : 1
Keep Hierarchy                     : No
Netlist Hierarchy                  : As_Optimized
RTL Output                         : Yes
Global Optimization                : AllClockNets
Read Cores                         : YES
Write Timing Constraints           : NO
Cross Clock Analysis               : NO
Hierarchy Separator                : /
Bus Delimiter                      : <>
Case Specifier                     : Maintain
Slice Utilization Ratio            : 100
BRAM Utilization Ratio             : 100
Verilog 2001                       : YES
Auto BRAM Packing                  : NO
Slice Utilization Ratio Delta      : 5

=========================================================================


=========================================================================
*                          HDL Compilation                              *
=========================================================================
Compiling vhdl file "/home/pietro/Dropbox/ase/componenti vhdl/JK_with_gate/myNor3.vhd" in Library work.
Entity <myNOR3> compiled.
Entity <myNOR3> (Architecture <dataflow>) compiled.
Compiling vhdl file "/home/pietro/Dropbox/ase/componenti vhdl/JK_with_gate/myAND.vhd" in Library work.
Entity <myAND> compiled.
Entity <myAND> (Architecture <dataflow>) compiled.
Compiling vhdl file "/home/pietro/Dropbox/ase/componenti vhdl/JK_with_gate/RS_Clocked_Preset.vhd" in Library work.
Entity <RS_Clocked_Preset> compiled.
Entity <RS_Clocked_Preset> (Architecture <Structural>) compiled.
Compiling vhdl file "/home/pietro/Dropbox/ase/componenti vhdl/JK_with_gate/ffJK.vhd" in Library work.
Entity <ffJK> compiled.
Entity <ffJK> (Architecture <Structural>) compiled.
Compiling vhdl file "/home/pietro/Dropbox/ase/componenti vhdl/JK_with_gate/ffJK_MS.vhd" in Library work.
Entity <ffJK_MS> compiled.
Entity <ffJK_MS> (Architecture <Behavioral>) compiled.

=========================================================================
*                     Design Hierarchy Analysis                         *
=========================================================================
Analyzing hierarchy for entity <ffJK_MS> in library <work> (architecture <Behavioral>).

Analyzing hierarchy for entity <ffJK> in library <work> (architecture <Structural>).

Analyzing hierarchy for entity <myAND> in library <work> (architecture <dataflow>).

Analyzing hierarchy for entity <RS_Clocked_Preset> in library <work> (architecture <Structural>).

Analyzing hierarchy for entity <myNOR3> in library <work> (architecture <dataflow>).

Analyzing hierarchy for entity <myAND> in library <work> (architecture <dataflow>).

Analyzing hierarchy for entity <myAND> in library <work> (architecture <dataflow>).


=========================================================================
*                            HDL Analysis                               *
=========================================================================
Analyzing Entity <ffJK_MS> in library <work> (Architecture <Behavioral>).
WARNING:Xst:1537 - "/home/pietro/Dropbox/ase/componenti vhdl/JK_with_gate/ffJK_MS.vhd" line 5: Generic <rs_clk_delay> of type Time is ignored.
WARNING:Xst:1537 - "/home/pietro/Dropbox/ase/componenti vhdl/JK_with_gate/ffJK_MS.vhd" line 6: Generic <gate_delay> of type Time is ignored.
WARNING:Xst:1537 - "/home/pietro/Dropbox/ase/componenti vhdl/JK_with_gate/ffJK_MS.vhd" line 7: Generic <not_gate_delay> of type Time is ignored.
Entity <ffJK_MS> analyzed. Unit <ffJK_MS> generated.

Analyzing Entity <ffJK> in library <work> (Architecture <Structural>).
WARNING:Xst:1537 - "/home/pietro/Dropbox/ase/componenti vhdl/JK_with_gate/ffJK.vhd" line 5: Generic <rs_clk_delay> of type Time is ignored.
WARNING:Xst:1537 - "/home/pietro/Dropbox/ase/componenti vhdl/JK_with_gate/ffJK.vhd" line 6: Generic <gate_delay> of type Time is ignored.
Entity <ffJK> analyzed. Unit <ffJK> generated.

Analyzing Entity <myAND> in library <work> (Architecture <dataflow>).
WARNING:Xst:1537 - "/home/pietro/Dropbox/ase/componenti vhdl/JK_with_gate/myAND.vhd" line 6: Generic <delay> of type Time is ignored.
Entity <myAND> analyzed. Unit <myAND> generated.

Analyzing Entity <RS_Clocked_Preset> in library <work> (Architecture <Structural>).
WARNING:Xst:1537 - "/home/pietro/Dropbox/ase/componenti vhdl/JK_with_gate/RS_Clocked_Preset.vhd" line 5: Generic <gate_delay> of type Time is ignored.
Entity <RS_Clocked_Preset> analyzed. Unit <RS_Clocked_Preset> generated.

Analyzing Entity <myNOR3> in library <work> (Architecture <dataflow>).
WARNING:Xst:1537 - "/home/pietro/Dropbox/ase/componenti vhdl/JK_with_gate/myNor3.vhd" line 6: Generic <delay> of type Time is ignored.
Entity <myNOR3> analyzed. Unit <myNOR3> generated.


=========================================================================
*                           HDL Synthesis                               *
=========================================================================

Performing bidirectional port resolution...

Synthesizing Unit <myAND>.
    Related source file is "/home/pietro/Dropbox/ase/componenti vhdl/JK_with_gate/myAND.vhd".
Unit <myAND> synthesized.


Synthesizing Unit <myNOR3>.
    Related source file is "/home/pietro/Dropbox/ase/componenti vhdl/JK_with_gate/myNor3.vhd".
Unit <myNOR3> synthesized.


Synthesizing Unit <RS_Clocked_Preset>.
    Related source file is "/home/pietro/Dropbox/ase/componenti vhdl/JK_with_gate/RS_Clocked_Preset.vhd".
Unit <RS_Clocked_Preset> synthesized.


Synthesizing Unit <ffJK>.
    Related source file is "/home/pietro/Dropbox/ase/componenti vhdl/JK_with_gate/ffJK.vhd".
Unit <ffJK> synthesized.


Synthesizing Unit <ffJK_MS>.
    Related source file is "/home/pietro/Dropbox/ase/componenti vhdl/JK_with_gate/ffJK_MS.vhd".
Unit <ffJK_MS> synthesized.


=========================================================================
HDL Synthesis Report

Found no macro
=========================================================================

=========================================================================
*                       Advanced HDL Synthesis                          *
=========================================================================


=========================================================================
Advanced HDL Synthesis Report

Found no macro
=========================================================================

=========================================================================
*                         Low Level Synthesis                           *
=========================================================================
WARNING:Xst:2170 - Unit ffJK_MS : the following signal(s) form a combinatorial loop: Slave/RS_CLK_PRESET/G2/output_or0000.
WARNING:Xst:2170 - Unit ffJK_MS : the following signal(s) form a combinatorial loop: Master/RS_CLK_PRESET/G1/output_or0000.
WARNING:Xst:2170 - Unit ffJK_MS : the following signal(s) form a combinatorial loop: Slave/RS_CLK_PRESET/G1/output_or0000.
WARNING:Xst:2170 - Unit ffJK_MS : the following signal(s) form a combinatorial loop: Master/RS_CLK_PRESET/G2/output_or0000.

Optimizing unit <ffJK_MS> ...

Mapping all equations...
Building and optimizing final netlist ...
Found area constraint ratio of 100 (+ 5) on block ffJK_MS, actual ratio is 0.

Final Macro Processing ...

=========================================================================
Final Register Report

Found no macro
=========================================================================

=========================================================================
*                           Partition Report                            *
=========================================================================

Partition Implementation Status
-------------------------------

  No Partitions were found in this design.

-------------------------------

=========================================================================
*                            Final Report                               *
=========================================================================
Final Results
RTL Top Level Output File Name     : ffJK_MS.ngr
Top Level Output File Name         : ffJK_MS
Output Format                      : NGC
Optimization Goal                  : Speed
Keep Hierarchy                     : No

Design Statistics
# IOs                              : 7

Cell Usage :
# BELS                             : 13
#      INV                         : 2
#      LUT2                        : 2
#      LUT4                        : 4
#      MUXF5                       : 4
#      VCC                         : 1
# IO Buffers                       : 7
#      IBUF                        : 5
#      OBUF                        : 2
=========================================================================

Device utilization summary:
---------------------------

Selected Device : 3s1200efg320-4 

 Number of Slices:                        4  out of   8672     0%  
 Number of 4 input LUTs:                  8  out of  17344     0%  
 Number of IOs:                           7
 Number of bonded IOBs:                   7  out of    250     2%  

---------------------------
Partition Resource Summary:
---------------------------

  No Partitions were found in this design.

---------------------------


=========================================================================
TIMING REPORT

NOTE: THESE TIMING NUMBERS ARE ONLY A SYNTHESIS ESTIMATE.
      FOR ACCURATE TIMING INFORMATION PLEASE REFER TO THE TRACE REPORT
      GENERATED AFTER PLACE-and-ROUTE.

Clock Information:
------------------
No clock signals found in this design

Asynchronous Control Signals Information:
----------------------------------------
No asynchronous control signals found in this design

Timing Summary:
---------------
Speed Grade: -4

   Minimum period: No path found
   Minimum input arrival time before clock: No path found
   Maximum output required time after clock: No path found
   Maximum combinational path delay: 11.354ns

Timing Detail:
--------------
All values displayed in nanoseconds (ns)

=========================================================================
Timing constraint: Default path analysis
  Total number of paths / destination ports: 28 / 2
-------------------------------------------------------------------------
Delay:               11.354ns (Levels of Logic = 9)
  Source:            CLK (PAD)
  Destination:       Qo (PAD)

  Data Path: CLK to Qo
                                Gate     Net
    Cell:in->out      fanout   Delay   Delay  Logical Name (Net Name)
    ----------------------------------------  ------------
     IBUF:I->O             4   1.218   0.666  CLK_IBUF (CLK_IBUF)
     LUT4:I1->O            1   0.704   0.000  Master/RS_CLK_PRESET/G2/output_or00002 (Master/RS_CLK_PRESET/G2/output_or00002)
     MUXF5:I0->O           3   0.321   0.706  Master/RS_CLK_PRESET/G2/output_or0000_f5 (Master/RS_CLK_PRESET/G2/output_or0000)
     LUT4:I0->O            1   0.704   0.000  Master/RS_CLK_PRESET/G1/output_or00001 (Master/RS_CLK_PRESET/G1/output_or00001)
     MUXF5:I0->O           4   0.321   0.762  Master/RS_CLK_PRESET/G1/output_or0000_f5 (Master/RS_CLK_PRESET/G1/output_or0000)
     LUT4:I0->O            1   0.704   0.000  Slave/RS_CLK_PRESET/G2/output_or00002 (Slave/RS_CLK_PRESET/G2/output_or00002)
     MUXF5:I0->O           3   0.321   0.531  Slave/RS_CLK_PRESET/G2/output_or0000_f5 (Slave/RS_CLK_PRESET/G2/output_or0000)
     INV:I->O              1   0.704   0.420  Slave/RS_CLK_PRESET/G2/output1_INV_0 (Qo_OBUF)
     OBUF:I->O                 3.272          Qo_OBUF (Qo)
    ----------------------------------------
    Total                     11.354ns (8.269ns logic, 3.085ns route)
                                       (72.8% logic, 27.2% route)

=========================================================================


Total REAL time to Xst completion: 6.00 secs
Total CPU time to Xst completion: 3.51 secs
 
--> 


Total memory usage is 515840 kilobytes

Number of errors   :    0 (   0 filtered)
Number of warnings :   12 (   0 filtered)
Number of infos    :    0 (   0 filtered)

