AR vio_fattore vio_fattore_a /home/pietro/Scrivania/ISE_PROJECT/Chipscope_Multiplier/ipcore_dir/vio_fattore.vhd sub00/vhpl09 1451940598
AR partial_sum_row behavioral /home/pietro/Scrivania/ISE_PROJECT/Chipscope_Multiplier/partial_sum_row.vhd sub00/vhpl05 1451940594
AR multiplier_chipscope behavioral /home/pietro/Scrivania/ISE_PROJECT/Chipscope_Multiplier/multiplier_chipscope.vhd sub00/vhpl15 1451940604
AR partial_product_row behavioral /home/pietro/Scrivania/ISE_PROJECT/Chipscope_Multiplier/partial_product_row.vhd sub00/vhpl01 1451940590
AR icon icon_a /home/pietro/Scrivania/ISE_PROJECT/Chipscope_Multiplier/ipcore_dir/icon.vhd sub00/vhpl13 1451940602
EN partial_product_row NULL /home/pietro/Scrivania/ISE_PROJECT/Chipscope_Multiplier/partial_product_row.vhd sub00/vhpl00 1451940589
EN partial_sum_row NULL /home/pietro/Scrivania/ISE_PROJECT/Chipscope_Multiplier/partial_sum_row.vhd sub00/vhpl04 1451940593
EN vio_fattore NULL /home/pietro/Scrivania/ISE_PROJECT/Chipscope_Multiplier/ipcore_dir/vio_fattore.vhd sub00/vhpl08 1451940597
EN icon NULL /home/pietro/Scrivania/ISE_PROJECT/Chipscope_Multiplier/ipcore_dir/icon.vhd sub00/vhpl12 1451940601
EN ripple_carry_adder NULL /home/pietro/Scrivania/ISE_PROJECT/Chipscope_Multiplier/ripple_carry_adder.vhd sub00/vhpl18 1451940587
AR vio_prodotto vio_prodotto_a /home/pietro/Scrivania/ISE_PROJECT/Chipscope_Multiplier/ipcore_dir/vio_prodotto.vhd sub00/vhpl11 1451940600
EN parallel_multiplier_righe NULL /home/pietro/Scrivania/ISE_PROJECT/Chipscope_Multiplier/parallel_multiplier_righe.vhd sub00/vhpl06 1451940595
AR parallel_multiplier_righe behavioral /home/pietro/Scrivania/ISE_PROJECT/Chipscope_Multiplier/parallel_multiplier_righe.vhd sub00/vhpl07 1451940596
AR ripple_carry_adder structural /home/pietro/Scrivania/ISE_PROJECT/Chipscope_Multiplier/ripple_carry_adder.vhd sub00/vhpl19 1451940588
EN full_adder NULL /home/pietro/Scrivania/ISE_PROJECT/Chipscope_Multiplier/full_adder.vhd sub00/vhpl16 1451940585
AR partial_prod_matrix behavioral /home/pietro/Scrivania/ISE_PROJECT/Chipscope_Multiplier/partial_prod_matrix.vhd sub00/vhpl03 1451940592
AR full_adder behavioral /home/pietro/Scrivania/ISE_PROJECT/Chipscope_Multiplier/full_adder.vhd sub00/vhpl17 1451940586
EN multiplier_chipscope NULL /home/pietro/Scrivania/ISE_PROJECT/Chipscope_Multiplier/multiplier_chipscope.vhd sub00/vhpl14 1451940603
EN vio_prodotto NULL /home/pietro/Scrivania/ISE_PROJECT/Chipscope_Multiplier/ipcore_dir/vio_prodotto.vhd sub00/vhpl10 1451940599
EN partial_prod_matrix NULL /home/pietro/Scrivania/ISE_PROJECT/Chipscope_Multiplier/partial_prod_matrix.vhd sub00/vhpl02 1451940591
