V3 39
FL /home/pietro/Scrivania/ISE_PROJECT/Chipscope_Multiplier/full_adder.vhd 2015/11/24.14:59:39 P.20131013
EN work/full_adder 1451940585 \
      FL /home/pietro/Scrivania/ISE_PROJECT/Chipscope_Multiplier/full_adder.vhd \
      PB ieee/std_logic_1164 1381692176
AR work/full_adder/Behavioral 1451940586 \
      FL /home/pietro/Scrivania/ISE_PROJECT/Chipscope_Multiplier/full_adder.vhd \
      EN work/full_adder 1451940585
FL /home/pietro/Scrivania/ISE_PROJECT/Chipscope_Multiplier/ipcore_dir/icon.vhd 2016/01/04.21:21:17 P.20131013
EN work/icon 1451940601 \
      FL /home/pietro/Scrivania/ISE_PROJECT/Chipscope_Multiplier/ipcore_dir/icon.vhd \
      PB ieee/std_logic_1164 1381692176
AR work/icon/icon_a 1451940602 \
      FL /home/pietro/Scrivania/ISE_PROJECT/Chipscope_Multiplier/ipcore_dir/icon.vhd \
      EN work/icon 1451940601
FL /home/pietro/Scrivania/ISE_PROJECT/Chipscope_Multiplier/ipcore_dir/vio_fattore.vhd 2016/01/04.21:46:13 P.20131013
EN work/vio_fattore 1451940597 \
      FL /home/pietro/Scrivania/ISE_PROJECT/Chipscope_Multiplier/ipcore_dir/vio_fattore.vhd \
      PB ieee/std_logic_1164 1381692176
AR work/vio_fattore/vio_fattore_a 1451940598 \
      FL /home/pietro/Scrivania/ISE_PROJECT/Chipscope_Multiplier/ipcore_dir/vio_fattore.vhd \
      EN work/vio_fattore 1451940597
FL /home/pietro/Scrivania/ISE_PROJECT/Chipscope_Multiplier/ipcore_dir/vio_prodotto.vhd 2016/01/04.21:47:17 P.20131013
EN work/vio_prodotto 1451940599 \
      FL /home/pietro/Scrivania/ISE_PROJECT/Chipscope_Multiplier/ipcore_dir/vio_prodotto.vhd \
      PB ieee/std_logic_1164 1381692176
AR work/vio_prodotto/vio_prodotto_a 1451940600 \
      FL /home/pietro/Scrivania/ISE_PROJECT/Chipscope_Multiplier/ipcore_dir/vio_prodotto.vhd \
      EN work/vio_prodotto 1451940599
FL /home/pietro/Scrivania/ISE_PROJECT/Chipscope_Multiplier/multiplier_chipscope.vhd 2016/01/04.21:49:29 P.20131013
EN work/multiplier_chipscope 1451940603 \
      FL /home/pietro/Scrivania/ISE_PROJECT/Chipscope_Multiplier/multiplier_chipscope.vhd \
      PB ieee/std_logic_1164 1381692176
AR work/multiplier_chipscope/Behavioral 1451940604 \
      FL /home/pietro/Scrivania/ISE_PROJECT/Chipscope_Multiplier/multiplier_chipscope.vhd \
      EN work/multiplier_chipscope 1451940603 CP parallel_multiplier_righe \
      CP vio_fattore CP vio_prodotto CP icon
FL /home/pietro/Scrivania/ISE_PROJECT/Chipscope_Multiplier/parallel_multiplier_righe.vhd 2016/01/04.21:48:44 P.20131013
EN work/parallel_multiplier_righe 1451940595 \
      FL /home/pietro/Scrivania/ISE_PROJECT/Chipscope_Multiplier/parallel_multiplier_righe.vhd \
      PB ieee/std_logic_1164 1381692176
AR work/parallel_multiplier_righe/Behavioral 1451940596 \
      FL /home/pietro/Scrivania/ISE_PROJECT/Chipscope_Multiplier/parallel_multiplier_righe.vhd \
      EN work/parallel_multiplier_righe 1451940595 CP partial_prod_matrix \
      CP partial_sum_row
FL /home/pietro/Scrivania/ISE_PROJECT/Chipscope_Multiplier/partial_product_row.vhd 2015/12/17.23:50:42 P.20131013
EN work/partial_product_row 1451940589 \
      FL /home/pietro/Scrivania/ISE_PROJECT/Chipscope_Multiplier/partial_product_row.vhd \
      PB ieee/std_logic_1164 1381692176
AR work/partial_product_row/Behavioral 1451940590 \
      FL /home/pietro/Scrivania/ISE_PROJECT/Chipscope_Multiplier/partial_product_row.vhd \
      EN work/partial_product_row 1451940589
FL /home/pietro/Scrivania/ISE_PROJECT/Chipscope_Multiplier/partial_prod_matrix.vhd 2015/12/18.14:14:43 P.20131013
EN work/partial_prod_matrix 1451940591 \
      FL /home/pietro/Scrivania/ISE_PROJECT/Chipscope_Multiplier/partial_prod_matrix.vhd \
      PB ieee/std_logic_1164 1381692176
AR work/partial_prod_matrix/Behavioral 1451940592 \
      FL /home/pietro/Scrivania/ISE_PROJECT/Chipscope_Multiplier/partial_prod_matrix.vhd \
      EN work/partial_prod_matrix 1451940591 CP partial_product_row
FL /home/pietro/Scrivania/ISE_PROJECT/Chipscope_Multiplier/partial_sum_row.vhd 2015/12/18.02:42:11 P.20131013
EN work/partial_sum_row 1451940593 \
      FL /home/pietro/Scrivania/ISE_PROJECT/Chipscope_Multiplier/partial_sum_row.vhd \
      PB ieee/std_logic_1164 1381692176
AR work/partial_sum_row/Behavioral 1451940594 \
      FL /home/pietro/Scrivania/ISE_PROJECT/Chipscope_Multiplier/partial_sum_row.vhd \
      EN work/partial_sum_row 1451940593 CP ripple_carry_adder
FL /home/pietro/Scrivania/ISE_PROJECT/Chipscope_Multiplier/ripple_carry_adder.vhd 2015/11/24.14:34:21 P.20131013
EN work/ripple_carry_adder 1451940587 \
      FL /home/pietro/Scrivania/ISE_PROJECT/Chipscope_Multiplier/ripple_carry_adder.vhd \
      PB ieee/std_logic_1164 1381692176
AR work/ripple_carry_adder/structural 1451940588 \
      FL /home/pietro/Scrivania/ISE_PROJECT/Chipscope_Multiplier/ripple_carry_adder.vhd \
      EN work/ripple_carry_adder 1451940587 CP full_adder
